// Jest Snapshot v1, https://goo.gl/fbAQLP

exports[`<Calendar /> just snapshot 1`] = `
<div>
  <div
    class="calendar-container"
  >
    <div
      class="days-of-week-container"
    >
      <div
        class="day-of-week-container"
      >
        <p
          class="day-of-week-font"
          data-testid="day-0"
        />
      </div>
      <div
        class="day-of-week-container"
      >
        <p
          class="day-of-week-font"
          data-testid="day-1"
        >
          Mon
        </p>
      </div>
      <div
        class="day-of-week-container"
      >
        <p
          class="day-of-week-font"
          data-testid="day-2"
        />
      </div>
      <div
        class="day-of-week-container"
      >
        <p
          class="day-of-week-font"
          data-testid="day-3"
        >
          Wed
        </p>
      </div>
      <div
        class="day-of-week-container"
      >
        <p
          class="day-of-week-font"
          data-testid="day-4"
        />
      </div>
      <div
        class="day-of-week-container"
      >
        <p
          class="day-of-week-font"
          data-testid="day-5"
        >
          Fri
        </p>
      </div>
      <div
        class="day-of-week-container"
      >
        <p
          class="day-of-week-font"
          data-testid="day-6"
        />
      </div>
    </div>
    <div
      class="weeks-rows"
    >
      <div
        class="month-container"
        data-testid="month-0"
        style="left: 0px;"
      >
        <p
          class="month-font"
        >
          Oct
        </p>
      </div>
      <div
        class="column"
      >
        <div
          class="tooltip"
          data-testid="tooltip"
        >
          <div
            class="tooltip-trigger"
            data-testid="tooltip-trigger"
          >
            <div
              class="square-container"
            >
              <div
                class="square nothing"
                data-testid="square-color"
              />
            </div>
          </div>
        </div>
        <div
          class="tooltip"
          data-testid="tooltip"
        >
          <div
            class="tooltip-trigger"
            data-testid="tooltip-trigger"
          >
            <div
              class="square-container"
            >
              <div
                class="square nothing"
                data-testid="square-color"
              />
            </div>
          </div>
        </div>
        <div
          class="tooltip"
          data-testid="tooltip"
        >
          <div
            class="tooltip-trigger"
            data-testid="tooltip-trigger"
          >
            <div
              class="square-container"
            >
              <div
                class="square little"
                data-testid="square-color"
              />
            </div>
          </div>
        </div>
        <div
          class="tooltip"
          data-testid="tooltip"
        >
          <div
            class="tooltip-trigger"
            data-testid="tooltip-trigger"
          >
            <div
              class="square-container"
            >
              <div
                class="square nothing"
                data-testid="square-color"
              />
            </div>
          </div>
        </div>
        <div
          class="tooltip"
          data-testid="tooltip"
        >
          <div
            class="tooltip-trigger"
            data-testid="tooltip-trigger"
          >
            <div
              class="square-container"
            >
              <div
                class="square most"
                data-testid="square-color"
              />
            </div>
          </div>
        </div>
        <div
          class="tooltip"
          data-testid="tooltip"
        >
          <div
            class="tooltip-trigger"
            data-testid="tooltip-trigger"
          >
            <div
              class="square-container"
            >
              <div
                class="square nothing"
                data-testid="square-color"
              />
            </div>
          </div>
        </div>
        <div
          class="tooltip"
          data-testid="tooltip"
        >
          <div
            class="tooltip-trigger"
            data-testid="tooltip-trigger"
          >
            <div
              class="square-container"
            >
              <div
                class="square most"
                data-testid="square-color"
              />
            </div>
          </div>
        </div>
      </div>
      <div
        class="column"
      >
        <div
          class="tooltip"
          data-testid="tooltip"
        >
          <div
            class="tooltip-trigger"
            data-testid="tooltip-trigger"
          >
            <div
              class="square-container"
            >
              <div
                class="square nothing"
                data-testid="square-color"
              />
            </div>
          </div>
        </div>
        <div
          class="tooltip"
          data-testid="tooltip"
        >
          <div
            class="tooltip-trigger"
            data-testid="tooltip-trigger"
          >
            <div
              class="square-container"
            >
              <div
                class="square nothing"
                data-testid="square-color"
              />
            </div>
          </div>
        </div>
        <div
          class="tooltip"
          data-testid="tooltip"
        >
          <div
            class="tooltip-trigger"
            data-testid="tooltip-trigger"
          >
            <div
              class="square-container"
            >
              <div
                class="square nothing"
                data-testid="square-color"
              />
            </div>
          </div>
        </div>
        <div
          class="tooltip"
          data-testid="tooltip"
        >
          <div
            class="tooltip-trigger"
            data-testid="tooltip-trigger"
          >
            <div
              class="square-container"
            >
              <div
                class="square nothing"
                data-testid="square-color"
              />
            </div>
          </div>
        </div>
        <div
          class="tooltip"
          data-testid="tooltip"
        >
          <div
            class="tooltip-trigger"
            data-testid="tooltip-trigger"
          >
            <div
              class="square-container"
            >
              <div
                class="square most"
                data-testid="square-color"
              />
            </div>
          </div>
        </div>
        <div
          class="tooltip"
          data-testid="tooltip"
        >
          <div
            class="tooltip-trigger"
            data-testid="tooltip-trigger"
          >
            <div
              class="square-container"
            >
              <div
                class="square most"
                data-testid="square-color"
              />
            </div>
          </div>
        </div>
        <div
          class="tooltip"
          data-testid="tooltip"
        >
          <div
            class="tooltip-trigger"
            data-testid="tooltip-trigger"
          >
            <div
              class="square-container"
            >
              <div
                class="square nothing"
                data-testid="square-color"
              />
            </div>
          </div>
        </div>
      </div>
    </div>
  </div>
</div>
`;
